// Jest Snapshot v1, https://goo.gl/fbAQLP

exports[`/admin/auth creates store session correctly 1`] = `
Object {
  "billing_address_id": null,
  "created_at": "2021-11-11T16:29:59.993Z",
  "deleted_at": null,
  "email": "test@testesen.dk",
  "first_name": "test",
  "has_account": true,
  "id": "cus_01FM7XB9T23P1TS0CM1AFAXY21",
  "last_name": "testesen",
  "metadata": null,
  "orders": Array [],
  "phone": null,
  "updated_at": "2021-11-11T16:29:59.993Z",
}
`;
