// Jest Snapshot v1, https://goo.gl/fbAQLP

exports[`/admin/auth creates admin session correctly 1`] = `
Object {
  "api_token": "test_token",
  "created_at": Any<String>,
  "deleted_at": null,
  "email": "admin@medusa.js",
  "first_name": null,
  "id": "admin_user",
  "last_name": null,
  "metadata": null,
  "role": "admin",
  "updated_at": Any<String>,
}
`;
