// Jest Snapshot v1, https://goo.gl/fbAQLP

exports[`/admin/notes GET /admin/notes/:resource_id lists notes only related to wanted resource 1`] = `
Object {
  "notes": Array [
    Object {
      "created_at": "2021-09-15T11:41:08.110Z",
      "deleted_at": null,
      "id": "note1",
      "metadata": null,
      "resource_id": "resource1",
      "resource_type": "type",
      "updated_at": "2021-09-15T11:41:08.110Z",
      "value": "my note",
    },
    Object {
      "created_at": "2021-09-15T11:41:08.111Z",
      "deleted_at": null,
      "id": "note2",
      "metadata": null,
      "resource_id": "resource1",
      "resource_type": "type",
      "updated_at": "2021-09-15T11:41:08.111Z",
      "value": "my note",
    },
  ],
}
`;

exports[`/admin/notes POST /admin/notes creates a note 1`] = `
Object {
  "note": Object {
    "created_at": "2021-09-15T11:17:22.678Z",
    "deleted_at": null,
    "id": StringMatching /\\^note_\\*/,
    "metadata": Object {},
    "resource_id": "resource-id",
    "resource_type": "resource-type",
    "updated_at": "2021-09-15T11:17:22.678Z",
    "value": "my note",
  },
}
`;
