// Jest Snapshot v1, https://goo.gl/fbAQLP

exports[`sales channels GET /admin/sales-channels/:id should retrieve the requested sales channel 1`] = `
Object {
  "sales_channel": ObjectContaining {
    "description": "sales channel 1 description",
    "id": "sales_channel_1",
    "is_disabled": false,
    "name": "sales channel 1 name",
  },
}
`;
