// Jest Snapshot v1, https://goo.gl/fbAQLP

exports[`/admin/batch POST /admin/batch/ Creates a batch job 1`] = `
Object {
  "awaiting_confirmation_at": null,
  "cancelled_at": null,
  "confirmed_at": null,
  "context": "{}",
  "created_at": Any<String>,
  "created_by": "admin_user",
  "deleted_at": null,
  "id": Any<String>,
  "processing_at": null,
  "result": null,
  "status": "created",
  "type": "batch_1",
  "updated_at": Any<String>,
}
`;
